iteration,1
1.2.3.0/24,1,4
2.2.0.0/16,2,3
3.2.3.0/20,3,1
iteration,2
4.2.3.0/24,1,1
2.2.0.0/20,2,2
5.2.0.0/16,3,1
